
> alfi@0.0.0 dev
> vite --host 127.0.0.1 --port 5179


  VITE v5.4.21  ready in 727 ms

  ➜  Local:   http://127.0.0.1:5179/
2:09:12 PM [vite] hmr update /src/dashboard/Dashboard.tsx
2:18:18 PM [vite] page reload src/theme.ts
2:18:26 PM [vite] hmr update /src/dashboard/Dashboard.tsx
2:18:34 PM [vite] hmr update /src/dashboard/Dashboard.tsx
2:18:59 PM [vite] hmr update /src/login/parts.tsx
2:21:55 PM [vite] page reload dist/index.html
2:27:43 PM [vite] hmr update /src/components/Logo.tsx
2:33:04 PM [vite] hmr update /src/dashboard/Dashboard.tsx
2:36:41 PM [vite] hmr update /src/login/parts.tsx
2:36:56 PM [vite] hmr update /src/dashboard/Dashboard.tsx
2:37:14 PM [vite] hmr update /src/dashboard/Dashboard.tsx
2:39:33 PM [vite] hmr update /src/components/Logo.tsx
2:43:00 PM [vite] hmr update /src/dashboard/Dashboard.tsx
2:44:41 PM [vite] hmr update /src/dashboard/Dashboard.tsx
2:44:48 PM [vite] hmr update /src/dashboard/Dashboard.tsx
2:44:56 PM [vite] hmr update /src/dashboard/Dashboard.tsx
2:46:17 PM [vite] hmr update /src/dashboard/Dashboard.tsx
2:48:27 PM [vite] hmr update /src/dashboard/Dashboard.tsx
2:51:56 PM [vite] hmr update /src/dashboard/Dashboard.tsx
2:52:08 PM [vite] hmr update /src/dashboard/Dashboard.tsx
2:54:25 PM [vite] hmr update /src/dashboard/Dashboard.tsx
2:58:31 PM [vite] hmr update /src/dashboard/Dashboard.tsx
3:16:23 PM [vite] hmr update /src/dashboard/Dashboard.tsx
3:16:42 PM [vite] hmr update /src/dashboard/Dashboard.tsx
3:17:03 PM [vite] hmr update /src/dashboard/Dashboard.tsx
3:17:33 PM [vite] hmr update /src/dashboard/Dashboard.tsx
3:17:53 PM [vite] hmr update /src/dashboard/Dashboard.tsx
3:18:04 PM [vite] hmr update /src/dashboard/Dashboard.tsx
4:42:35 PM [vite] hmr update /src/App.tsx
5:59:08 PM [vite] hmr update /src/components/Logo.tsx
5:14:51 PM [vite] hmr update /src/login/variants.tsx
5:14:59 PM [vite] hmr update /src/login/variants.tsx
5:15:06 PM [vite] hmr update /src/App.tsx
5:15:15 PM [vite] hmr update /src/App.tsx
5:55:36 PM [vite] hmr update /src/dashboard/Dashboard.tsx
5:55:58 PM [vite] hmr update /src/dashboard/Dashboard.tsx
5:56:06 PM [vite] hmr update /src/dashboard/Dashboard.tsx
6:11:59 PM [vite] hmr update /src/dashboard/Dashboard.tsx
6:12:46 PM [vite] hmr update /src/dashboard/Dashboard.tsx
6:13:02 PM [vite] hmr update /src/dashboard/Dashboard.tsx
6:13:07 PM [vite] hmr update /src/dashboard/Dashboard.tsx
6:13:41 PM [vite] hmr update /src/dashboard/Dashboard.tsx
6:14:07 PM [vite] hmr update /src/dashboard/Dashboard.tsx
6:14:13 PM [vite] hmr update /src/dashboard/Dashboard.tsx
6:37:00 PM [vite] hmr update /src/dashboard/Dashboard.tsx
6:40:04 PM [vite] hmr update /src/dashboard/Dashboard.tsx
6:40:24 PM [vite] hmr update /src/dashboard/Dashboard.tsx
6:40:40 PM [vite] hmr update /src/dashboard/Dashboard.tsx
6:44:06 PM [vite] hmr update /src/dashboard/Dashboard.tsx
6:44:17 PM [vite] hmr update /src/dashboard/Dashboard.tsx
6:44:22 PM [vite] hmr update /src/dashboard/Dashboard.tsx
6:55:34 PM [vite] hmr update /src/dashboard/Dashboard.tsx
7:00:01 PM [vite] hmr update /src/dashboard/Dashboard.tsx
7:00:18 PM [vite] hmr update /src/dashboard/Dashboard.tsx
7:10:37 PM [vite] hmr update /src/dashboard/Dashboard.tsx
7:12:00 PM [vite] hmr update /src/dashboard/Dashboard.tsx
7:12:11 PM [vite] hmr update /src/dashboard/Dashboard.tsx
7:12:18 PM [vite] hmr update /src/dashboard/Dashboard.tsx
7:20:02 PM [vite] hmr update /src/dashboard/Dashboard.tsx
7:20:09 PM [vite] page reload dist/index.html
7:20:09 PM [vite] page reload dist/index.html
7:22:28 PM [vite] hmr update /src/dashboard/Dashboard.tsx
7:22:53 PM [vite] page reload dist/index.html
7:38:52 PM [vite] hmr update /src/dashboard/Dashboard.tsx
7:39:01 PM [vite] hmr update /src/dashboard/Dashboard.tsx
7:39:11 PM [vite] hmr update /src/dashboard/Dashboard.tsx
7:39:25 PM [vite] hmr update /src/dashboard/Dashboard.tsx
7:39:30 PM [vite] hmr update /src/dashboard/Dashboard.tsx
7:39:35 PM [vite] hmr update /src/dashboard/Dashboard.tsx
7:39:53 PM [vite] page reload dist/index.html
3:28:42 PM [vite] hmr update /src/dashboard/Dashboard.tsx
3:28:51 PM [vite] hmr update /src/dashboard/Dashboard.tsx
3:29:08 PM [vite] hmr update /src/dashboard/Dashboard.tsx
3:30:50 PM [vite] hmr update /src/dashboard/Dashboard.tsx
3:31:54 PM [vite] hmr update /src/dashboard/Dashboard.tsx
3:32:44 PM [vite] hmr update /src/dashboard/Dashboard.tsx
3:33:08 PM [vite] hmr update /src/dashboard/Dashboard.tsx
3:35:11 PM [vite] hmr update /src/dashboard/Dashboard.tsx
3:35:25 PM [vite] hmr update /src/dashboard/Dashboard.tsx
3:35:34 PM [vite] hmr update /src/dashboard/Dashboard.tsx
3:38:28 PM [vite] hmr update /src/dashboard/Dashboard.tsx
3:39:09 PM [vite] hmr update /src/dashboard/Dashboard.tsx
4:16:51 PM [vite] page reload src/theme.ts
4:22:08 PM [vite] hmr update /src/dashboard/Dashboard.tsx
4:22:58 PM [vite] hmr update /src/dashboard/Dashboard.tsx
4:23:40 PM [vite] hmr update /src/dashboard/Dashboard.tsx
4:26:06 PM [vite] hmr update /src/dashboard/Dashboard.tsx
4:28:11 PM [vite] hmr update /src/dashboard/Dashboard.tsx
4:28:19 PM [vite] hmr update /src/dashboard/Dashboard.tsx
4:28:27 PM [vite] hmr update /src/dashboard/Dashboard.tsx
4:30:38 PM [vite] hmr update /src/dashboard/Dashboard.tsx
4:30:45 PM [vite] hmr update /src/dashboard/Dashboard.tsx
4:30:55 PM [vite] hmr update /src/dashboard/Dashboard.tsx
4:31:10 PM [vite] hmr update /src/dashboard/Dashboard.tsx
4:31:32 PM [vite] hmr update /src/dashboard/Dashboard.tsx
4:32:22 PM [vite] hmr update /src/login/parts.tsx
4:32:30 PM [vite] page reload dist/index.html
4:32:30 PM [vite] page reload dist/index.html
4:32:41 PM [vite] page reload index.html
4:33:53 PM [vite] hmr update /src/dashboard/Dashboard.tsx
4:34:00 PM [vite] hmr update /src/dashboard/Dashboard.tsx
4:34:10 PM [vite] hmr update /src/dashboard/Dashboard.tsx
4:34:33 PM [vite] page reload dist/index.html
4:34:39 PM [vite] page reload index.html
4:47:21 PM [vite] hmr update /src/dashboard/Dashboard.tsx
4:47:30 PM [vite] page reload dist/index.html
4:47:30 PM [vite] page reload index.html
4:48:37 PM [vite] hmr update /src/dashboard/Dashboard.tsx
4:48:40 PM [vite] hmr update /src/dashboard/Dashboard.tsx
4:49:01 PM [vite] hmr update /src/dashboard/Dashboard.tsx
4:49:08 PM [vite] page reload index.html
4:49:15 PM [vite] hmr update /src/dashboard/Dashboard.tsx
4:49:29 PM [vite] page reload dist/index.html
4:49:29 PM [vite] page reload index.html
4:50:27 PM [vite] hmr update /src/dashboard/Dashboard.tsx
4:50:51 PM [vite] hmr update /src/dashboard/Dashboard.tsx
4:50:57 PM [vite] hmr update /src/dashboard/Dashboard.tsx
4:51:07 PM [vite] hmr update /src/dashboard/Dashboard.tsx
4:51:20 PM [vite] hmr update /src/dashboard/Dashboard.tsx
4:51:32 PM [vite] page reload dist/index.html
4:51:33 PM [vite] page reload index.html
4:52:39 PM [vite] hmr update /src/dashboard/Dashboard.tsx
4:52:52 PM [vite] hmr update /src/dashboard/Dashboard.tsx
4:52:58 PM [vite] page reload src/theme.ts
4:53:13 PM [vite] page reload dist/index.html
4:53:13 PM [vite] page reload index.html
5:10:52 PM [vite] page reload index.html
5:11:48 PM [vite] hmr update /src/dashboard/Dashboard.tsx
5:12:06 PM [vite] page reload dist/index.html
5:13:02 PM [vite] hmr update /src/dashboard/Dashboard.tsx
5:13:06 PM [vite] hmr update /src/dashboard/Dashboard.tsx
5:13:11 PM [vite] hmr update /src/dashboard/Dashboard.tsx
5:13:25 PM [vite] hmr update /src/dashboard/Dashboard.tsx
5:13:50 PM [vite] page reload dist/index.html
5:14:28 PM [vite] hmr update /src/dashboard/Dashboard.tsx
5:14:33 PM [vite] hmr update /src/dashboard/Dashboard.tsx
5:14:47 PM [vite] page reload dist/index.html
5:19:09 PM [vite] hmr update /src/dashboard/Dashboard.tsx
5:19:25 PM [vite] page reload dist/index.html
5:22:28 PM [vite] hmr update /src/dashboard/Dashboard.tsx
5:23:10 PM [vite] hmr update /src/dashboard/Dashboard.tsx
5:23:35 PM [vite] hmr update /src/dashboard/Dashboard.tsx
5:32:24 PM [vite] hmr update /src/dashboard/Dashboard.tsx
5:33:24 PM [vite] hmr update /src/dashboard/Dashboard.tsx
5:33:51 PM [vite] hmr update /src/dashboard/Dashboard.tsx
5:33:55 PM [vite] page reload src/theme.ts
5:34:01 PM [vite] page reload src/theme.ts
5:34:41 PM [vite] hmr update /src/components/Logo.tsx
5:34:49 PM [vite] hmr update /src/dashboard/Dashboard.tsx
